100
1 16 14 12 10 8 6 4 2 17 15 13 11 9 7 5 3 1 16 14 12 10 8 6 4 2 17 15 13 11 9 7 5 3 1 16 14 12 10 8 6 4 2 17 15 13 11 9 7 5 3 1 16 14 12 10 8 6 4 2 17 15 13 11 9 7 5 3 1 16 14 12 10 8 6 4 2 17 15 13 11 9 7 4 1 15 12 9 6 3 17 14 11 8 5 2 16 13 10 7 