120
1 5 9 13 17 21 25 29 4 8 12 16 20 24 28 3 7 11 15 19 23 27 2 6 10 14 18 22 26 1 5 9 13 17 21 25 29 4 8 12 16 20 24 28 3 7 11 15 19 23 27 2 6 10 14 18 22 26 1 5 9 13 17 21 25 29 4 8 12 16 20 24 28 3 7 11 15 19 23 27 2 6 10 14 18 22 26 1 5 9 13 16 19 22 25 28 2 5 8 11 14 17 20 23 26 29 3 6 9 12 15 18 21 24 27 1 4 7 10 13 