120
1 16 10 4 19 13 7 1 16 10 4 19 13 7 1 16 10 4 19 13 7 1 16 10 4 19 13 7 1 16 10 4 19 13 7 1 16 10 4 19 13 7 1 16 10 4 19 13 7 1 16 10 4 19 13 7 1 16 10 4 19 13 7 1 16 10 4 19 13 7 1 16 10 4 19 13 7 1 16 10 4 19 13 7 1 16 10 4 19 13 7 1 16 10 4 19 13 7 1 15 8 1 15 8 1 15 8 1 15 8 1 15 8 1 15 8 1 15 8 1 