75
14 4 7 10 13 16 1 4 7 10 13 16 1 4 7 10 13 16 1 4 7 10 13 16 1 4 7 10 13 16 1 4 7 10 13 16 1 4 7 10 13 16 1 4 7 10 13 16 1 4 7 10 13 16 1 4 7 9 11 13 15 17 1 3 5 7 9 11 13 15 17 1 3 5 7 