85
10 26 21 16 11 6 1 26 21 16 11 6 1 26 21 16 11 6 1 26 21 16 11 6 1 26 21 16 11 6 1 26 21 16 11 6 1 26 21 16 11 6 1 26 21 16 11 6 1 26 21 16 11 6 1 25 19 13 7 1 25 19 13 7 1 25 19 13 7 1 25 19 13 7 1 25 19 13 7 1 25 19 13 7 1 