120
1 13 7 1 13 7 1 13 7 1 13 7 1 13 7 1 13 7 1 13 7 1 13 7 1 13 7 1 13 7 1 13 7 1 13 7 1 13 7 1 13 7 1 13 7 1 13 7 1 13 7 1 13 7 1 13 7 1 13 7 1 13 7 1 13 7 1 13 7 1 13 7 1 13 7 1 13 7 1 13 7 1 13 7 1 13 7 1 13 7 1 13 7 1 13 7 1 13 7 1 13 7 18 11 4 15 8 1 12 5 16 9 2 13 6 17 10 3 14 7 