125
1 30 27 24 21 18 15 12 9 6 3 32 29 26 23 20 17 14 11 8 5 2 31 28 25 22 19 16 13 10 7 4 1 30 27 24 21 18 15 12 9 6 3 32 29 26 23 20 17 14 11 8 5 2 31 28 25 22 19 16 13 10 7 4 1 30 27 24 21 18 15 12 9 6 3 32 29 26 23 20 17 14 11 8 5 2 31 28 25 22 19 16 13 9 5 1 29 25 21 17 13 9 5 1 29 25 21 17 13 9 5 1 29 25 21 17 13 9 5 1 29 25 21 17 13 