120
1 21 16 11 6 1 21 16 11 6 1 21 16 11 6 1 21 16 11 6 1 21 16 11 6 1 21 16 11 6 1 21 16 11 6 1 21 16 11 6 1 21 16 11 6 1 21 16 11 6 1 21 16 11 6 1 21 16 11 6 1 21 16 11 6 1 21 16 11 6 1 21 16 11 6 1 21 16 11 6 1 21 16 11 6 1 21 16 11 6 1 21 16 11 6 25 19 13 7 1 20 14 8 2 21 15 9 3 22 16 10 4 23 17 11 5 24 18 12 6 