90
1 11 5 15 9 3 13 7 1 11 5 15 9 3 13 7 1 11 5 15 9 3 13 7 1 11 5 15 9 3 13 7 1 11 5 15 9 3 13 7 1 11 5 15 9 3 13 7 1 11 5 15 9 3 13 7 1 11 5 15 9 3 13 7 1 11 5 15 9 3 13 7 1 11 4 13 6 15 8 1 10 3 12 5 14 7 16 9 2 11 